// Jest Snapshot v1, https://goo.gl/fbAQLP

exports[`Box should render without crashing 1`] = `
.c0 {
  display: -webkit-box;
  display: -webkit-flex;
  display: -ms-flexbox;
  display: flex;
  -webkit-flex: 1;
  -ms-flex: 1;
  flex: 1;
  -webkit-flex-direction: column;
  -ms-flex-direction: column;
  flex-direction: column;
  width: 100%;
  position: relative;
  box-sizing: border-box;
}

<div
  class="c0"
  display="flex"
  width="100%"
/>
`;
