// Jest Snapshot v1, https://goo.gl/fbAQLP

exports[`ScrollView should render without crashing 1`] = `
.c0 {
  display: -webkit-box;
  display: -webkit-flex;
  display: -ms-flexbox;
  display: flex;
  -webkit-flex: 1;
  -ms-flex: 1;
  flex: 1;
  -webkit-flex-direction: column;
  -ms-flex-direction: column;
  flex-direction: column;
  height: 100%;
  overflow: auto;
  width: 100%;
  position: relative;
  z-index: 0;
  box-sizing: border-box;
  -webkit-overflow-scrolling: touch;
  overscroll-behavior: contain;
}

<div
  class="c0"
  display="flex"
  height="100%"
  overflow="auto"
  width="100%"
/>
`;
