// Jest Snapshot v1, https://goo.gl/fbAQLP

exports[`AnimatedWrapper should render without crashing 1`] = `
<div
  class=""
/>
`;
